// Jest Snapshot v1, https://goo.gl/fbAQLP

exports[`<Todo /> rendering should render correctly 1`] = `
ShallowWrapper {
  Symbol(enzyme.__root__): [Circular],
  Symbol(enzyme.__unrendered__): <Todo
    content="Default content"
/>,
  Symbol(enzyme.__renderer__): Object {
    "batchedUpdates": [Function],
    "checkPropTypes": [Function],
    "getNode": [Function],
    "render": [Function],
    "simulateError": [Function],
    "simulateEvent": [Function],
    "unmount": [Function],
  },
  Symbol(enzyme.__node__): Object {
    "instance": null,
    "key": undefined,
    "nodeType": "host",
    "props": Object {
      "children": Array [
        false,
        <div
          className="todo-central"
>
          <Checkbox
                    clicked={undefined}
          />
          <span
                    className="todo-content"
          >
                    Default content
          </span>
</div>,
        false,
      ],
      "className": "todo-container",
      "onMouseEnter": [Function],
      "onMouseLeave": [Function],
    },
    "ref": null,
    "rendered": Array [
      false,
      Object {
        "instance": null,
        "key": undefined,
        "nodeType": "host",
        "props": Object {
          "children": Array [
            <Checkbox
              clicked={undefined}
/>,
            <span
              className="todo-content"
>
              Default content
</span>,
            false,
            false,
          ],
          "className": "todo-central",
        },
        "ref": null,
        "rendered": Array [
          Object {
            "instance": null,
            "key": undefined,
            "nodeType": "function",
            "props": Object {
              "clicked": undefined,
            },
            "ref": null,
            "rendered": null,
            "type": [Function],
          },
          Object {
            "instance": null,
            "key": undefined,
            "nodeType": "host",
            "props": Object {
              "children": "Default content",
              "className": "todo-content",
            },
            "ref": null,
            "rendered": "Default content",
            "type": "span",
          },
          false,
          false,
        ],
        "type": "div",
      },
      false,
    ],
    "type": "div",
  },
  Symbol(enzyme.__nodes__): Array [
    Object {
      "instance": null,
      "key": undefined,
      "nodeType": "host",
      "props": Object {
        "children": Array [
          false,
          <div
            className="todo-central"
>
            <Checkbox
                        clicked={undefined}
            />
            <span
                        className="todo-content"
            >
                        Default content
            </span>
</div>,
          false,
        ],
        "className": "todo-container",
        "onMouseEnter": [Function],
        "onMouseLeave": [Function],
      },
      "ref": null,
      "rendered": Array [
        false,
        Object {
          "instance": null,
          "key": undefined,
          "nodeType": "host",
          "props": Object {
            "children": Array [
              <Checkbox
                clicked={undefined}
/>,
              <span
                className="todo-content"
>
                Default content
</span>,
              false,
              false,
            ],
            "className": "todo-central",
          },
          "ref": null,
          "rendered": Array [
            Object {
              "instance": null,
              "key": undefined,
              "nodeType": "function",
              "props": Object {
                "clicked": undefined,
              },
              "ref": null,
              "rendered": null,
              "type": [Function],
            },
            Object {
              "instance": null,
              "key": undefined,
              "nodeType": "host",
              "props": Object {
                "children": "Default content",
                "className": "todo-content",
              },
              "ref": null,
              "rendered": "Default content",
              "type": "span",
            },
            false,
            false,
          ],
          "type": "div",
        },
        false,
      ],
      "type": "div",
    },
  ],
  Symbol(enzyme.__options__): Object {
    "adapter": ReactSixteenAdapter {
      "options": Object {
        "enableComponentDidUpdateOnSetState": true,
        "legacyContextMode": "parent",
        "lifecycles": Object {
          "componentDidUpdate": Object {
            "onSetState": true,
          },
          "getChildContext": Object {
            "calledByRenderer": false,
          },
          "getDerivedStateFromProps": Object {
            "hasShouldComponentUpdateBug": false,
          },
          "getSnapshotBeforeUpdate": true,
          "setState": Object {
            "skipsComponentDidUpdateOnNullish": true,
          },
        },
      },
    },
  },
  Symbol(enzyme.__childContext__): null,
}
`;
